Archive member included because of file (symbol)

/usr/local/ps2dev/gsKit/lib/libgskit.a(gsCore.o)
                              obj/renderman.o (gsKit_vram_clear)
/usr/local/ps2dev/gsKit/lib/libgskit.a(gsInit.o)
                              obj/renderman.o (gsKit_init_screen)
/usr/local/ps2dev/gsKit/lib/libgskit.a(gsMisc.o)
                              obj/renderman.o (gsKit_setup_tbw)
/usr/local/ps2dev/gsKit/lib/libgskit.a(gsPrimitive.o)
                              obj/renderman.o (gsKit_prim_line_3d)
/usr/local/ps2dev/gsKit/lib/libgskit.a(gsTexture.o)
                              obj/textures.o (gsKit_texture_size_ee)
/usr/local/ps2dev/gsKit/lib/libdmakit.a(dmaCore.o)
                              /usr/local/ps2dev/gsKit/lib/libgskit.a(gsCore.o) (dmaKit_wait_fast)
/usr/local/ps2dev/gsKit/lib/libdmakit.a(dmaInit.o)
                              obj/renderman.o (dmaKit_init)
/usr/local/ps2dev/ps2sdk/ee/lib/libpoweroff.a(poweroff.o)
                              obj/system.o (poweroffInit)
/usr/local/ps2dev/ps2sdk/ee/lib/libfileXio.a(fileXio_rpc.o)
                              obj/system.o (fileXioInit)
/usr/local/ps2dev/ps2sdk/ee/lib/libpatches.a(patch_enable_lmb.o)
                              obj/system.o (sbv_patch_enable_lmb)
/usr/local/ps2dev/ps2sdk/ee/lib/libpatches.a(patch_disable_prefix_check.o)
                              obj/system.o (sbv_patch_disable_prefix_check)
/usr/local/ps2dev/ps2sdk/ee/lib/libpatches.a(patch_fioremove.o)
                              obj/system.o (sbv_patch_fioremove)
/usr/local/ps2dev/ps2sdk/ee/lib/libpatches.a(smem.o)
                              /usr/local/ps2dev/ps2sdk/ee/lib/libpatches.a(patch_enable_lmb.o) (smem_read)
/usr/local/ps2dev/ps2sdk/ee/lib/libpatches.a(smod.o)
                              /usr/local/ps2dev/ps2sdk/ee/lib/libpatches.a(patch_enable_lmb.o) (smod_get_mod_by_name)
/usr/local/ps2dev/ps2sdk/ee/lib/libpatches.a(slib.o)
                              /usr/local/ps2dev/ps2sdk/ee/lib/libpatches.a(patch_enable_lmb.o) (_slib_cur_exp_lib_list)
/usr/local/ps2dev/ps2sdk/ee/lib/libpad.a(libpad.o)
                              obj/pad.o (padReset)
/usr/local/ps2dev/ps2sdk/ports/lib/libjpeg.a(libjpg.o)
                              obj/textures.o (jpgClose)
/usr/local/ps2dev/ps2sdk/ports/lib/libjpeg.a(jcapimin.o)
                              /usr/local/ps2dev/ps2sdk/ports/lib/libjpeg.a(libjpg.o) (jpeg_CreateCompress)
/usr/local/ps2dev/ps2sdk/ports/lib/libjpeg.a(jcapistd.o)
                              /usr/local/ps2dev/ps2sdk/ports/lib/libjpeg.a(libjpg.o) (jpeg_start_compress)
/usr/local/ps2dev/ps2sdk/ports/lib/libjpeg.a(jcparam.o)
                              /usr/local/ps2dev/ps2sdk/ports/lib/libjpeg.a(libjpg.o) (jpeg_set_quality)
/usr/local/ps2dev/ps2sdk/ports/lib/libjpeg.a(jcinit.o)
                              /usr/local/ps2dev/ps2sdk/ports/lib/libjpeg.a(jcapistd.o) (jinit_compress_master)
/usr/local/ps2dev/ps2sdk/ports/lib/libjpeg.a(jcmaster.o)
                              /usr/local/ps2dev/ps2sdk/ports/lib/libjpeg.a(jcinit.o) (jinit_c_master_control)
/usr/local/ps2dev/ps2sdk/ports/lib/libjpeg.a(jcmarker.o)
                              /usr/local/ps2dev/ps2sdk/ports/lib/libjpeg.a(jcapimin.o) (jinit_marker_writer)
/usr/local/ps2dev/ps2sdk/ports/lib/libjpeg.a(jcmainct.o)
                              /usr/local/ps2dev/ps2sdk/ports/lib/libjpeg.a(jcinit.o) (jinit_c_main_controller)
/usr/local/ps2dev/ps2sdk/ports/lib/libjpeg.a(jcprepct.o)
                              /usr/local/ps2dev/ps2sdk/ports/lib/libjpeg.a(jcinit.o) (jinit_c_prep_controller)
/usr/local/ps2dev/ps2sdk/ports/lib/libjpeg.a(jccoefct.o)
                              /usr/local/ps2dev/ps2sdk/ports/lib/libjpeg.a(jcinit.o) (jinit_c_coef_controller)
/usr/local/ps2dev/ps2sdk/ports/lib/libjpeg.a(jccolor.o)
                              /usr/local/ps2dev/ps2sdk/ports/lib/libjpeg.a(jcinit.o) (jinit_color_converter)
/usr/local/ps2dev/ps2sdk/ports/lib/libjpeg.a(jcsample.o)
                              /usr/local/ps2dev/ps2sdk/ports/lib/libjpeg.a(jcinit.o) (jinit_downsampler)
/usr/local/ps2dev/ps2sdk/ports/lib/libjpeg.a(jchuff.o)
                              /usr/local/ps2dev/ps2sdk/ports/lib/libjpeg.a(jcinit.o) (jinit_huff_encoder)
/usr/local/ps2dev/ps2sdk/ports/lib/libjpeg.a(jcphuff.o)
                              /usr/local/ps2dev/ps2sdk/ports/lib/libjpeg.a(jcinit.o) (jinit_phuff_encoder)
/usr/local/ps2dev/ps2sdk/ports/lib/libjpeg.a(jcdctmgr.o)
                              /usr/local/ps2dev/ps2sdk/ports/lib/libjpeg.a(jcinit.o) (jinit_forward_dct)
/usr/local/ps2dev/ps2sdk/ports/lib/libjpeg.a(jfdctfst.o)
                              /usr/local/ps2dev/ps2sdk/ports/lib/libjpeg.a(jcdctmgr.o) (jpeg_fdct_ifast)
/usr/local/ps2dev/ps2sdk/ports/lib/libjpeg.a(jfdctflt.o)
                              /usr/local/ps2dev/ps2sdk/ports/lib/libjpeg.a(jcdctmgr.o) (jpeg_fdct_float)
/usr/local/ps2dev/ps2sdk/ports/lib/libjpeg.a(jfdctint.o)
[...]
Memory Configuration

Name             Origin             Length             Attributes
*default*        0x0000000000000000 0xffffffffffffffff

Linker script and memory map

LOAD /usr/local/ps2dev/ee/lib/gcc-lib/ee/3.2.2/crti.o
LOAD /usr/local/ps2dev/ee/lib/gcc-lib/ee/3.2.2/crtbegin.o
LOAD /usr/local/ps2dev/ps2sdk/ee/startup/crt0.o
LOAD obj/pad.o
LOAD obj/fntsys.o
LOAD obj/renderman.o
LOAD obj/menusys.o
LOAD obj/OSDHistory.o
LOAD obj/system.o
LOAD obj/debug.o
LOAD obj/lang.o
LOAD obj/config.o
LOAD obj/hdd.o
LOAD obj/dialogs.o
LOAD obj/dia.o
LOAD obj/ioman.o
LOAD obj/texcache.o
LOAD obj/themes.o
LOAD obj/supportbase.o
LOAD obj/usbsupport.o
LOAD obj/ethsupport.o
LOAD obj/hddsupport.o
LOAD obj/appsupport.o
LOAD obj/gui.o
LOAD obj/textures.o
LOAD obj/opl.o
LOAD obj/atlas.o
LOAD obj/usb_icon.o
LOAD obj/hdd_icon.o
LOAD obj/eth_icon.o
LOAD obj/app_icon.o
LOAD obj/cross_icon.o
LOAD obj/triangle_icon.o
LOAD obj/circle_icon.o
LOAD obj/square_icon.o
LOAD obj/select_icon.o
LOAD obj/start_icon.o
LOAD obj/left_icon.o
LOAD obj/right_icon.o
LOAD obj/up_icon.o
LOAD obj/down_icon.o
LOAD obj/L1_icon.o
LOAD obj/L2_icon.o
LOAD obj/R1_icon.o
LOAD obj/R2_icon.o
LOAD obj/load0.o
LOAD obj/load1.o
LOAD obj/load2.o
LOAD obj/load3.o
LOAD obj/load4.o
LOAD obj/load5.o
LOAD obj/load6.o
LOAD obj/load7.o
LOAD obj/logo.o
LOAD obj/freesans.o
LOAD obj/icon_sys.o
LOAD obj/icon_icn.o
LOAD obj/icon_sys_A.o
LOAD obj/icon_sys_J.o
LOAD obj/ee_core.o
LOAD obj/alt_ee_core.o
LOAD obj/elfldr.o
LOAD obj/imgdrv.o
LOAD obj/eesync.o
LOAD obj/usb_cdvdman.o
LOAD obj/usb_4Ksectors_cdvdman.o
LOAD obj/smb_cdvdman.o
LOAD obj/smb_pcmcia_cdvdman.o
LOAD obj/hdd_cdvdman.o
LOAD obj/hdd_pcmcia_cdvdman.o
LOAD obj/hdd_hdpro_cdvdman.o
LOAD obj/cdvdfsv.o
LOAD obj/usbd_ps2.o
LOAD obj/usbd_ps3.o
LOAD obj/usbhdfsd.o
LOAD obj/cddev.o
LOAD obj/ps2dev9.o
LOAD obj/smsutils.o
LOAD obj/smstcpip.o
LOAD obj/ingame_smstcpip.o
LOAD obj/smap.o
LOAD obj/smap_ingame.o
LOAD obj/smbman.o
LOAD obj/discid.o
LOAD obj/ps2atad.o
LOAD obj/hdpro_atad.o
LOAD obj/poweroff.o
LOAD obj/ps2hdd.o
LOAD obj/genvmc.o
LOAD obj/hdldsvr.o
LOAD obj/udptty.o
LOAD obj/iomanx.o
LOAD obj/filexio.o
LOAD obj/ps2fs.o
LOAD obj/util.o
LOAD obj/ioptrap.o
LOAD obj/ps2link.o
LOAD /usr/local/ps2dev/gsKit/lib/libgskit.a
LOAD /usr/local/ps2dev/gsKit/lib/libdmakit.a
LOAD /usr/local/ps2dev/gsKit/lib/libgskit_toolkit.a
LOAD /usr/local/ps2dev/ps2sdk/ee/lib/libpoweroff.a
LOAD /usr/local/ps2dev/ps2sdk/ee/lib/libfileXio.a
LOAD /usr/local/ps2dev/ps2sdk/ee/lib/libpatches.a
LOAD /usr/local/ps2dev/ps2sdk/ee/lib/libpad.a
LOAD /usr/local/ps2dev/ps2sdk/ports/lib/libjpeg.a
LOAD /usr/local/ps2dev/ps2sdk/ports/lib/libpng.a
LOAD /usr/local/ps2dev/ps2sdk/ports/lib/libz.a
LOAD /usr/local/ps2dev/ps2sdk/ee/lib/libdebug.a
LOAD /usr/local/ps2dev/ee/lib/gcc-lib/ee/3.2.2/../../../../ee/lib/libm.a
LOAD /usr/local/ps2dev/ps2sdk/ee/lib/libmc.a
LOAD /usr/local/ps2dev/ps2sdk/ports/lib/libfreetype.a
LOAD /usr/local/ps2dev/ps2sdk/ee/lib/libvux.a
LOAD /usr/local/ps2dev/ps2sdk/ee/lib/libcdvd.a
LOAD /usr/local/ps2dev/ps2sdk/ee/lib/libc.a
LOAD /usr/local/ps2dev/ps2sdk/ee/lib/libkernel.a
LOAD /usr/local/ps2dev/ee/lib/gcc-lib/ee/3.2.2/libgcc.a
LOAD /usr/local/ps2dev/ee/lib/gcc-lib/ee/3.2.2/libgcc.a
LOAD /usr/local/ps2dev/ee/lib/gcc-lib/ee/3.2.2/crtend.o
LOAD /usr/local/ps2dev/ee/lib/gcc-lib/ee/3.2.2/crtn.o

.text           0x0000000000100000    0xa8d30
                0x0000000000100000                _ftext = .
 *(.text)
 .text          0x0000000000100000       0xd8 /usr/local/ps2dev/ee/lib/gcc-lib/ee/3.2.2/crtbegin.o
 .text          0x00000000001000d8      0x1c0 /usr/local/ps2dev/ps2sdk/ee/startup/crt0.o
                0x00000000001000e0                _start
                0x00000000001001e0                _exit
 .text          0x0000000000100298      0x938 obj/pad.o
                0x0000000000100958                unloadPads
                0x00000000001008b8                getKeyPressed
                0x0000000000100818                getKeyOn
                0x0000000000100b98                padRestoreSettings
                0x00000000001008e0                setButtonDelay
                0x0000000000100750                getKey
                0x0000000000100868                getKeyOff
                0x0000000000100618                readPads
                0x0000000000100b60                padStoreSettings
                0x0000000000100a28                startPads
                0x0000000000100908                getButtonDelay
 .text          0x0000000000100bd0     0x1190 obj/fntsys.o
                0x00000000001016a8                fntRenderString
                0x0000000000101588                fntSetAspectRatio
                0x00000000001011b8                fntLoadDefault
                0x00000000001019b0                fntFitString
                0x00000000001012a8                fntEnd
                0x0000000000101b18                fntCalcDimensions
                0x0000000000101ce0                utf8Decode
                0x0000000000101090                fntInit
                0x0000000000100f28                fntRelease
                0x0000000000101148                fntLoadFile
 .text          0x0000000000101d60     0x1400 obj/renderman.o
                0x0000000000102ae8                rmDrawOverlayPixmap
                0x00000000001030f0                rmResetShiftRatio
                0x0000000000102db0                rmDrawRect
                0x00000000001026f0                rmEnd
                0x0000000000103038                rmSetAspectRatio
                0x0000000000102180                rmFlush
                0x0000000000103108                rmApplyShiftRatio
                0x00000000001029b0                rmDrawQuad
                0x0000000000103070                rmGetAspectRatio
                0x00000000001030d0                rmSetShiftRatio
                0x0000000000103148                rmSetTransposition
                0x0000000000102aa8                rmDrawPixmap
                0x0000000000102120                rmPrepareTexture
                0x0000000000102418                rmSetMode
                0x00000000001026d0                rmGetScreenExtents
                0x0000000000102710                rmSetupQuad
                0x0000000000102338                rmInit
                0x0000000000102158                rmDispatch
                0x00000000001021f8                rmStartFrame
                0x0000000000102f48                rmDrawLine
                0x0000000000103050                rmResetAspectRatio
                0x0000000000102208                rmEndFrame
                0x0000000000103090                rmApplyAspectRatio
 .text          0x0000000000103160     0x15d8 obj/menusys.o
                0x0000000000103a10                menuAddHint
                0x0000000000103530                menuInit
                0x0000000000103f98                menuSetSelectedItem
                0x0000000000103b90                submenuSort
                0x0000000000103720                submenuRebuildCache
                0x0000000000104300                menuRenderMain
                0x0000000000103af0                menuItemGetText
                0x0000000000103938                submenuRemoveItem
                0x00000000001045a0                menuRenderInfo
                0x0000000000103868                submenuAppendItem
                0x0000000000103318                menuLoadConfig
                0x0000000000103aa8                menuRemoveHints
                0x00000000001039c8                submenuDestroy
                0x0000000000103378                menuSaveConfig
                0x0000000000103510                menuReinitMainMenu
                0x0000000000104620                menuHandleInputInfo
                0x0000000000103b28                submenuItemGetText
                0x0000000000103680                menuAppendItem
                0x0000000000103fd0                menuRenderMenu
                0x00000000001040e8                menuHandleInputMenu
                0x00000000001035a8                menuEnd
                0x0000000000104370                menuHandleInputMain
 .text          0x0000000000104738      0x748 obj/OSDHistory.o
                0x00000000001048a8                SaveHistoryFile
                0x0000000000104818                LoadHistoryFile
                0x0000000000104938                AddOldHistoryFileRecord
                0x00000000001049d8                AddHistoryRecord
                0x0000000000104738                CreateSystemDataFolder
                0x0000000000104e58                AddHistoryRecordUsingFullPath
 .text          0x0000000000104e80      0xf80 obj/system.o
                0x0000000000105c28                sysExecElf
                0x0000000000105100                sysPowerOff
                0x0000000000105680                sysGetCDVDFSV
                0x0000000000105480                sysGetDiscID
                0x0000000000105220                sysSetIPConfig
                0x00000000001059a8                sysLaunchLoaderElf
                0x0000000000104f58                sysReset
                0x00000000001053d0                USBA_crc32
                0x0000000000105120                delay
                0x0000000000105640                sysPcmciaCheck
                0x0000000000104e80                sysLoadModuleBuffer
                0x0000000000105d60                sysCheckMC
                0x0000000000105170                sysPS3Detect
                0x00000000001056a0                sysExecExit
 .text          0x0000000000105e00      0x130 obj/debug.o
                0x0000000000105e00                debugSetActive
 .text          0x0000000000105f30      0x5e8 obj/lang.o
                0x0000000000106468                lngGetGuiValue
                0x0000000000106478                lngFindGuiID
                0x0000000000106140                lngGetValue
                0x0000000000106288                lngInit
                0x0000000000105f30                _l
                0x00000000001063d8                lngSetGuiValue
                0x0000000000106508                lngGetGuiList
                0x0000000000106350                lngEnd
 .text          0x0000000000106518     0x1138 obj/config.o
                0x0000000000106a38                configAlloc
                0x0000000000106c50                configGetStr
                0x0000000000106908                configInit
                0x0000000000106dd0                configSetColor
                0x00000000001073a0                configWrite
                0x0000000000107508                configReadMulti
                0x0000000000106d70                configGetInt
                0x00000000001075a8                configWriteMulti
                0x0000000000106b58                configSetStr
                0x0000000000106600                isWS
                0x0000000000106d18                configSetInt
                0x0000000000106ae8                configFree
                0x0000000000107018                configWriteIP
                0x0000000000106f58                configReadIP
                0x0000000000106e30                configGetColor
                0x00000000001070e8                configGetDiscIDBinary
                0x0000000000106e78                configRemoveKey
                0x00000000001069e8                configEnd
                0x0000000000106b20                configGetByType
                0x00000000001071d8                configRead
                0x0000000000106cc8                configGetStrCopy
                0x00000000001074b0                configClear
 .text          0x0000000000107650     0x1410 obj/hdd.o
                0x00000000001076a0                hddGetTotalSectors
                0x00000000001076d8                hddIs48bit
                0x0000000000107710                hddSetTransferMode
                0x0000000000108628                hddGetHDLGamelist
                0x00000000001078a8                hddGetFormat
                0x00000000001089c8                hddDeleteHDLGame
                0x00000000001088c8                hddSetHDLGameInfo
                0x0000000000107650                hddCheck
                0x0000000000107758                hddSetIdleTimeout
                0x0000000000108848                hddFreeHDLGamelist
 .text          0x0000000000108a60     0x1df0 obj/dia.o
                0x0000000000109ad0                diaRenderUI
                0x0000000000108ae8                diaShowKeyb
                0x000000000010a1e0                diaExecuteDialog
                0x000000000010a728                diaSetU64Color
                0x000000000010a658                diaGetColor
                0x000000000010a6c0                diaSetColor
                0x000000000010a510                diaSetInt
                0x000000000010a5e0                diaSetString
                0x000000000010a800                diaSetEnum
                0x000000000010a580                diaGetString
                0x000000000010a7a0                diaSetLabel
                0x000000000010a470                diaSetEnabled
                0x000000000010a4a0                diaGetInt
 .text          0x000000000010a850      0x8a0 obj/ioman.o
                0x000000000010acd0                ioPutRequest
                0x000000000010afc8                ioPrintf
                0x000000000010b048                ioBlockOps
                0x000000000010aed0                ioGetPendingRequestCount
                0x000000000010ada0                ioRemoveRequests
                0x000000000010af08                ioHasPendingRequests
                0x000000000010ae88                ioEnd
                0x000000000010a850                ioRegisterHandler
                0x000000000010ab30                ioInit
 .text          0x000000000010b0f0      0x4b0 obj/texcache.o
                0x000000000010b408                cacheGetTexture
                0x000000000010b200                cacheEnd
                0x000000000010b1d8                cacheInit
                0x000000000010b278                cacheInitCache
                0x000000000010b380                cacheDestroyCache
 .text          0x000000000010b5a0     0x3b30 obj/themes.o
                0x000000000010ef98                thmGetGuiValue
                0x000000000010eec8                thmGetValue
                0x000000000010eee8                thmSetGuiValue
                0x000000000010efa8                thmFindGuiID
                0x000000000010eea0                thmReloadScreenExtents
                0x000000000010e158                thmGetTexture
                0x000000000010ec78                thmAddElements
                0x000000000010ed80                thmReinit
                0x000000000010f038                thmGetGuiList
                0x000000000010ed30                thmInit
                0x000000000010f048                thmEnd
 .text          0x000000000010f0d0      0xe18 obj/supportbase.o
                0x000000000010fa40                sbDelete
                0x000000000010f0d0                sbIsSameSize
                0x000000000010f328                sbReadList
                0x000000000010f6a0                sbPrepare
                0x000000000010fb90                sbRename
                0x000000000010fdb8                sbPopulateConfig
 .text          0x000000000010fee8      0xbe8 obj/usbsupport.o
                0x00000000001100c0                usbLoadModules
                0x000000000010fee8                usbFindPartition
                0x0000000000110298                usbGetObject
                0x00000000001101f0                usbInit
 .text          0x0000000000110ad0     0x10c8 obj/ethsupport.o
                0x0000000000111040                ethInit
                0x0000000000110d90                ethSMBDisconnect
                0x0000000000111158                ethGetObject
                0x0000000000110ad0                ethSMBConnect
 .text          0x0000000000111b98      0xaf8 obj/hddsupport.o
                0x0000000000111f58                hddGetObject
                0x0000000000111d50                hddLoadModules
                0x0000000000111ee0                hddInit
 .text          0x0000000000112690      0x5d8 obj/appsupport.o
                0x00000000001127a0                appGetObject
                0x0000000000112728                appInit
 .text          0x0000000000112c68     0x2c40 obj/gui.o
                0x00000000001155e0                guiMsgBox
                0x0000000000112f10                guiUnlock
                0x0000000000115310                guiMainLoop
                0x0000000000113e58                guiShowCompatConfig
                0x0000000000114bc8                guiDrawBGPlasma
                0x00000000001153f8                guiSwitchScreen
                0x0000000000113940                guiShowIPConfig
                0x0000000000113de8                guiAltStartupNameHandler
                0x0000000000113068                guiShowConfig
                0x00000000001157b0                guiHandleDeferedIO
                0x0000000000115570                guiUpdateScreenScale
                0x00000000001135b0                guiShowUIConfig
                0x0000000000112f98                guiEndFrame
                0x0000000000115230                guiIntroLoop
                0x0000000000114e80                guiDrawIconAndText
                0x0000000000112ea0                guiEnd
                0x0000000000112c68                guiReloadScreenExtents
                0x0000000000115810                guiRenderTextScreen
                0x00000000001154a8                guiOpCreate
                0x00000000001154f8                guiUpdateScrollSpeed
                0x0000000000112f30                guiStartFrame
                0x0000000000112c90                guiInit
                0x0000000000113d38                guiShowKeyboard
                0x00000000001142f8                guiGetOpCompleted
                0x0000000000112ff8                guiShowAbout
                0x0000000000114310                guiDeferUpdate
                0x00000000001153e8                guiSetFrameHook
                0x0000000000112ef0                guiLock
 .text          0x00000000001158a8      0x9b8 obj/textures.o
                0x00000000001158e0                texDiscoverLoad
                0x0000000000115cb0                texPngLoad
                0x00000000001160c8                texJpgLoad
                0x00000000001158b8                texPrepare
 .text          0x0000000000116260     0x2178 obj/opl.o
                0x0000000000117a70                saveConfig
                0x0000000000117b28                loadHdldSvr
                0x0000000000117c70                unloadHdldSvr
                0x00000000001178f8                applyConfig
                0x0000000000117a10                loadConfig
                0x0000000000116cd0                menuDeferredUpdate
                0x0000000000116e80                setErrorMessage
                0x0000000000118278                main
                0x0000000000117e18                shutdown
                0x0000000000117cd8                handleHdlSrv
                0x00000000001162a8                moduleUpdateMenu
 .text          0x00000000001183d8      0x4e8 obj/atlas.o
                0x0000000000118660                atlasFree
                0x0000000000118590                atlasNew
                0x00000000001187f8                atlasPlace
 .text          0x00000000001188c0      0xa80 obj/util.o
                0x0000000000118be8                readFile
                0x0000000000118df8                openFileBuffer
                0x0000000000118ce0                checkCreateDir
                0x00000000001191f8                toHex
                0x0000000000118b98                openFile
                0x0000000000119080                writeFileBuffer
                0x0000000000118d28                listDir
                0x00000000001191b0                fromHex
                0x0000000000118e98                readFileBuffer
                0x0000000000119320                max
                0x0000000000119300                GetSystemDataPath
                0x0000000000119310                GetSystemFolderLetter
                0x0000000000119330                min
                0x00000000001188c0                getFileSize
                0x0000000000119140                closeFileBuffer
                0x0000000000119258                InitConsoleRegionData
 .text          0x0000000000119340     0x12a0 /usr/local/ps2dev/gsKit/lib/libgskit.a(gsCore.o)
                0x000000000011a120                gsKit_set_drawfield
                0x00000000001195c0                gsKit_unlock_buffer
                0x0000000000119b40                gsKit_set_clamp
                0x000000000011a238                gsKit_set_finish
                0x00000000001196b0                gsKit_get_field
                0x00000000001196d0                gsKit_hsync_wait
                0x0000000000119978                gsKit_set_test
                0x00000000001195b0                gsKit_lock_buffer
                0x000000000011a4f8                gsKit_queue_reset
                0x0000000000119340                gsKit_vram_alloc
                0x0000000000119698                gsKit_vsync_nowait
                0x0000000000119588                gsKit_finish
                0x0000000000119630                gsKit_switch_context
                0x00000000001193b8                gsKit_vram_clear
                0x0000000000119708                gsKit_add_vsync_handler
                0x000000000011a3a0                gsKit_queue_exec_real
                0x0000000000119da0                gsKit_set_texfilter
                0x0000000000119e90                gsKit_set_dither_matrix
                0x00000000001193c8                gsKit_sync_flip
                0x00000000001195c8                gsKit_lock_status
                0x000000000011a5c8                gsKit_mode_switch
                0x0000000000119480                gsKit_setactive
                0x0000000000119798                gsKit_clear
                0x0000000000119758                gsKit_remove_vsync_handler
                0x000000000011a018                gsKit_set_dither
                0x0000000000119660                gsKit_vsync_wait
                0x000000000011a548                gsKit_queue_exec
                0x0000000000119ca8                gsKit_set_primalpha
                0x00000000001195d8                gsKit_display_buffer
 .text          0x000000000011a5e0      0xda8 /usr/local/ps2dev/gsKit/lib/libgskit.a(gsInit.o)
                0x000000000011a5e0                gsKit_detect_signal
                0x000000000011a610                gsKit_set_buffer_attributes
                0x000000000011a828                gsKit_init_screen
                0x000000000011afa8                gsKit_init_global_custom
                0x000000000011b2d0                gsKit_deinit_global
 .text          0x000000000011b388       0x60 /usr/local/ps2dev/gsKit/lib/libgskit.a(gsMisc.o)
                0x000000000011b3e0                gsKit_vram_dump
                0x000000000011b388                gsKit_setup_tbw
 .text          0x000000000011b3e8     0x2000 /usr/local/ps2dev/gsKit/lib/libgskit.a(gsPrimitive.o)
                0x000000000011bbd8                gsKit_prim_line_strip_3d
                0x000000000011c030                gsKit_prim_triangle_3d
                0x000000000011c268                gsKit_prim_triangle_strip
                0x000000000011b3e8                gsKit_prim_point
                0x000000000011be40                gsKit_prim_sprite
                0x000000000011c710                gsKit_prim_triangle_fan
                0x000000000011c950                gsKit_prim_triangle_fan_3d
                0x000000000011cbb8                gsKit_prim_triangle_gouraud_3d
                0x000000000011b588                gsKit_prim_line_3d
                0x000000000011c4a8                gsKit_prim_triangle_strip_3d
                0x000000000011b998                gsKit_prim_line_strip
                0x000000000011ce40                gsKit_prim_quad_3d
                0x000000000011d0f8                gsKit_prim_quad_gouraud_3d
                0x000000000011b788                gsKit_prim_line_goraud_3d
 .text          0x000000000011d3e8     0x37c0 /usr/local/ps2dev/gsKit/lib/libgskit.a(gsTexture.o)
                0x000000000011fcf8                gsKit_prim_triangle_fan_texture_3d
                0x000000000011ec68                gsKit_prim_triangle_goraud_texture_3d
                0x000000000011f918                gsKit_prim_triangle_fan_texture
                0x0000000000120640                gsKit_prim_quad_goraud_texture_3d
                0x000000000011e7c0                gsKit_prim_triangle_texture_3d
                0x000000000011d478                gsKit_texture_size
                0x000000000011f510                gsKit_prim_triangle_strip_texture_3d
                0x0000000000120100                gsKit_prim_quad_texture_3d
                0x000000000011d538                gsKit_texture_send
                0x000000000011e118                gsKit_prim_sprite_striped_texture_3d
                0x000000000011f130                gsKit_prim_triangle_strip_texture
                0x000000000011d3e8                gsKit_texture_size_ee
                0x000000000011dc08                gsKit_texture_upload
                0x000000000011dce0                gsKit_prim_sprite_texture_3d
                0x000000000011d820                gsKit_texture_send_inline
 .text          0x0000000000120ba8      0x540 /usr/local/ps2dev/gsKit/lib/libdmakit.a(dmaCore.o)
                0x0000000000120ba8                dmaKit_wait
                0x0000000000120fb8                dmaKit_send_chain_spr
                0x0000000000120f28                dmaKit_send_chain_ucab
                0x0000000000120c80                dmaKit_send
                0x0000000000120d48                dmaKit_send_ucab
                0x0000000000121048                dmaKit_get_spr
                0x0000000000120c40                dmaKit_wait_fast
                0x0000000000120dd8                dmaKit_send_spr
                0x0000000000120e68                dmaKit_send_chain
 .text          0x00000000001210e8      0x198 /usr/local/ps2dev/gsKit/lib/libdmakit.a(dmaInit.o)
                0x00000000001210e8                dmaKit_init
                0x0000000000121178                dmaKit_chan_init
 .text          0x0000000000121280      0x310 /usr/local/ps2dev/ps2sdk/ee/lib/libpoweroff.a(poweroff.o)
                0x00000000001214f8                poweroffSetCallback
                0x0000000000121538                poweroffShutdown
                0x00000000001212f8                poweroffInit
 .text          0x0000000000121590     0x2138 /usr/local/ps2dev/ps2sdk/ee/lib/libfileXio.a(fileXio_rpc.o)
                0x0000000000121fa0                fileXioRename
                0x0000000000121cd8                fileXioMkdir
                0x0000000000123688                _lock
                0x00000000001221a0                fileXioReadlink
                0x0000000000123100                fileXioDread
                0x0000000000122e50                fileXioSync
                0x0000000000121dd0                fileXioRmdir
                0x00000000001224b8                fileXioClose
                0x0000000000123030                fileXioDclose
                0x0000000000122f48                fileXioDopen
                0x00000000001223b0                fileXioOpen
                0x0000000000123678                fileXioSetBlockMode
                0x00000000001215b0                _fxio_intr
                0x0000000000123270                fileXioDevctl
                0x00000000001222c8                fileXioChdir
                0x0000000000122bf8                fileXioGetStat
                0x00000000001235c8                fileXioWaitAsync
                0x0000000000123420                fileXioIoctl2
                0x0000000000121ae0                fileXioUmount
                0x0000000000122ad0                fileXioChStat
                0x00000000001215d0                fileXioInit
                0x00000000001228b8                fileXioLseek
                0x0000000000122d10                fileXioFormat
                0x00000000001219d0                fileXioMount
                0x00000000001217d8                fileXioGetDeviceList
                0x00000000001229b0                fileXioLseek64
                0x0000000000122768                fileXioWrite
                0x0000000000121788                fileXioStop
                0x0000000000121eb8                fileXioRemove
                0x00000000001236a8                _unlock
                0x0000000000121bc8                fileXioCopyfile
                0x0000000000122620                fileXioRead
                0x00000000001218b8                fileXioGetdir
                0x00000000001220a0                fileXioSymlink
 .text          0x00000000001236c8      0x238 /usr/local/ps2dev/ps2sdk/ee/lib/libpatches.a(patch_enable_lmb.o)
                0x00000000001236c8                sbv_patch_enable_lmb
 .text          0x0000000000123900       0x70 /usr/local/ps2dev/ps2sdk/ee/lib/libpatches.a(patch_disable_prefix_check.o)
                0x0000000000123900                sbv_patch_disable_prefix_check
 .text          0x0000000000123970      0x148 /usr/local/ps2dev/ps2sdk/ee/lib/libpatches.a(patch_fioremove.o)
                0x0000000000123970                sbv_patch_fioremove
 .text          0x0000000000123ab8      0x110 /usr/local/ps2dev/ps2sdk/ee/lib/libpatches.a(smem.o)
                0x0000000000123ab8                smem_read
                0x0000000000123b40                smem_write
 .text          0x0000000000123bc8       0xf8 /usr/local/ps2dev/ps2sdk/ee/lib/libpatches.a(smod.o)
                0x0000000000123bc8                smod_get_next_mod
                0x0000000000123c18                smod_get_mod_by_name
 .text          0x0000000000123cc0      0x2c0 /usr/local/ps2dev/ps2sdk/ee/lib/libpatches.a(slib.o)
                0x0000000000123d08                slib_exp_lib_list
                0x0000000000123e48                slib_get_exp_lib
                0x0000000000123cc0                __memcmp
 .text          0x0000000000123f80      0xc88 /usr/local/ps2dev/ps2sdk/ee/lib/libpad.a(libpad.o)
                0x0000000000124838                padEnterPressMode
                0x0000000000124878                padGetButtonMask
                0x0000000000124a78                padSetActAlign
                0x0000000000124858                padExitPressMode
                0x0000000000124688                padInfoMode
                0x0000000000124008                padInit
                0x0000000000124c00                padGetConnection
                0x0000000000124550                padReqStateInt2String
                0x0000000000124b58                padSetActDirect
                0x0000000000124808                padInfoPressMode
                0x00000000001244d8                padSetReqState
                0x0000000000124508                padStateInt2String
                0x0000000000124208                padPortOpen
                0x00000000001249b0                padInfoAct
                0x0000000000124748                padSetMainMode
                0x00000000001248f8                padSetButtonInfo
                0x0000000000124340                padPortClose
                0x0000000000123fe8                padReset
                0x00000000001243f8                padRead
                0x0000000000124188                padEnd
                0x0000000000124598                padGetPortMax
                0x0000000000124440                padGetState
                0x0000000000124608                padGetSlotMax
                0x0000000000124680                padGetModVersion
                0x00000000001244b8                padGetReqState
 .text          0x0000000000124c08     0x1140 /usr/local/ps2dev/ps2sdk/ports/lib/libjpeg.a(libjpg.o)
                0x0000000000124f78                jpgOpen
                0x0000000000125650                jpgScreenshot
                0x0000000000125330                _dest_term_destination
                0x0000000000125ae0                jpgOpenFILE
                0x0000000000124c30                custom_error_exit
                0x0000000000124c10                _src_fill_input_buffer
                0x0000000000124c08                _src_init_source
                0x0000000000124c68                custom_emit_message
                0x0000000000124cf8                jpgOpenRAW
                0x0000000000125398                jpgCreateRAW
                0x0000000000124c28                _src_term_source
                0x0000000000125068                jpgReadImage
                0x0000000000124c18                _src_skip_input_data
                0x0000000000125200                _dest_init_destination
                0x00000000001255f8                jpgClose
                0x0000000000125208                _dest_empty_output_buffer
                0x0000000000124c20                _src_resync_to_restart
                0x0000000000125530                jpgCompressImageRAW
 .text          0x0000000000125d48      0x5c0 /usr/local/ps2dev/ps2sdk/ports/lib/libjpeg.a(jcapimin.o)
                0x0000000000126248                jpeg_write_m_byte
                0x00000000001260e0                jpeg_write_marker
                0x0000000000125ec8                jpeg_suppress_tables
                0x0000000000125ea8                jpeg_abort_compress
                0x0000000000125e88                jpeg_destroy_compress
                0x0000000000126270                jpeg_write_tables
                0x0000000000125d48                jpeg_CreateCompress
                0x0000000000125f20                jpeg_finish_compress
                0x00000000001261b8                jpeg_write_m_header
 .text          0x0000000000126308      0x368 /usr/local/ps2dev/ps2sdk/ports/lib/libjpeg.a(jcapistd.o)
                0x0000000000126510                jpeg_write_raw_data
                0x0000000000126308                jpeg_start_compress
                0x00000000001263d0                jpeg_write_scanlines
 .text          0x0000000000126670      0xcf8 /usr/local/ps2dev/ps2sdk/ports/lib/libjpeg.a(jcparam.o)
                0x0000000000126c68                jpeg_set_colorspace
                0x0000000000126850                jpeg_quality_scaling
                0x00000000001270b8                jpeg_simple_progression
                0x00000000001267e0                jpeg_set_linear_quality
                0x0000000000126a80                jpeg_set_defaults
                0x0000000000126670                jpeg_add_quant_table
                0x0000000000126bb0                jpeg_default_colorspace
                0x00000000001268a8                jpeg_set_quality
 .text          0x0000000000127368      0x120 /usr/local/ps2dev/ps2sdk/ports/lib/libjpeg.a(jcinit.o)
                0x0000000000127368                jinit_compress_master
 .text          0x0000000000127488     0x10a8 /usr/local/ps2dev/ps2sdk/ports/lib/libjpeg.a(jcmaster.o)
                0x0000000000128440                jinit_c_master_control
 .text          0x0000000000128530      0xcb8 /usr/local/ps2dev/ps2sdk/ports/lib/libjpeg.a(jcmarker.o)
                0x0000000000129158                jinit_marker_writer
 .text          0x00000000001291e8      0x270 /usr/local/ps2dev/ps2sdk/ports/lib/libjpeg.a(jcmainct.o)
                0x0000000000129370                jinit_c_main_controller
 .text          0x0000000000129458      0x860 /usr/local/ps2dev/ps2sdk/ports/lib/libjpeg.a(jcprepct.o)
                0x0000000000129b80                jinit_c_prep_controller
 .text          0x0000000000129cb8      0xa58 /usr/local/ps2dev/ps2sdk/ports/lib/libjpeg.a(jccoefct.o)
                0x000000000012a5d8                jinit_c_coef_controller
 .text          0x000000000012a710      0x808 /usr/local/ps2dev/ps2sdk/ports/lib/libjpeg.a(jccolor.o)
                0x000000000012ac38                jinit_color_converter
 .text          0x000000000012af18      0xd30 /usr/local/ps2dev/ps2sdk/ports/lib/libjpeg.a(jcsample.o)
                0x000000000012b9f8                jinit_downsampler
 .text          0x000000000012bc48     0x1598 /usr/local/ps2dev/ps2sdk/ports/lib/libjpeg.a(jchuff.o)
                0x000000000012cb10                jpeg_gen_optimal_table
                0x000000000012d010                jinit_huff_encoder
                0x000000000012be70                jpeg_make_c_derived_tbl
 .text          0x000000000012d1e0     0x1270 /usr/local/ps2dev/ps2sdk/ports/lib/libjpeg.a(jcphuff.o)
                0x000000000012e288                jinit_phuff_encoder
 .text          0x000000000012e450      0x828 /usr/local/ps2dev/ps2sdk/ports/lib/libjpeg.a(jcdctmgr.o)
                0x000000000012eb80                jinit_forward_dct
 .text          0x000000000012ec78      0x350 /usr/local/ps2dev/ps2sdk/ports/lib/libjpeg.a(jfdctfst.o)
                0x000000000012ec78                jpeg_fdct_ifast
 .text          0x000000000012efc8      0x260 /usr/local/ps2dev/ps2sdk/ports/lib/libjpeg.a(jfdctflt.o)
                0x000000000012efc8                jpeg_fdct_float
 .text          0x000000000012f228      0x538 /usr/local/ps2dev/ps2sdk/ports/lib/libjpeg.a(jfdctint.o)
                0x000000000012f228                jpeg_fdct_islow
 .text          0x000000000012f760      0x760 /usr/local/ps2dev/ps2sdk/ports/lib/libjpeg.a(jdapimin.o)
                0x000000000012f8c8                jpeg_abort_decompress
                0x000000000012f8a8                jpeg_destroy_decompress
                0x000000000012f760                jpeg_CreateDecompress
                0x000000000012fd40                jpeg_has_multiple_scans
                0x000000000012fbc8                jpeg_consume_input
                0x000000000012fcd8                jpeg_input_complete
                0x000000000012fae8                jpeg_read_header
                0x000000000012fda8                jpeg_finish_decompress
 .text          0x000000000012fec0      0x698 /usr/local/ps2dev/ps2sdk/ports/lib/libjpeg.a(jdapistd.o)
                0x0000000000130170                jpeg_read_scanlines
                0x000000000012fec0                jpeg_start_decompress
                0x0000000000130288                jpeg_read_raw_data
                0x0000000000130460                jpeg_finish_output
                0x00000000001303c8                jpeg_start_output
 .text          0x0000000000130558      0x250 /usr/local/ps2dev/ps2sdk/ports/lib/libjpeg.a(jdatasrc.o)
                0x00000000001306d8                jpeg_stdio_src
 .text          0x00000000001307a8      0xb98 /usr/local/ps2dev/ps2sdk/ports/lib/libjpeg.a(jdmaster.o)
                0x00000000001312e0                jinit_master_decompress
                0x0000000000130888                jpeg_calc_output_dimensions
                0x0000000000131230                jpeg_new_colormap
 .text          0x0000000000131340      0x900 /usr/local/ps2dev/ps2sdk/ports/lib/libjpeg.a(jdinput.o)
                0x0000000000131bc8                jinit_input_controller
 .text          0x0000000000131c40     0x27f8 /usr/local/ps2dev/ps2sdk/ports/lib/libjpeg.a(jdmarker.o)
                0x00000000001343c8                jpeg_set_marker_processor
                0x0000000000134048                jpeg_resync_to_restart
                0x0000000000134200                jinit_marker_reader
                0x00000000001342b8                jpeg_save_markers
 .text          0x0000000000134438      0xec8 /usr/local/ps2dev/ps2sdk/ports/lib/libjpeg.a(jdhuff.o)
                0x00000000001345e0                jpeg_make_d_derived_tbl
                0x0000000000134b48                jpeg_huff_decode
                0x0000000000134998                jpeg_fill_bit_buffer
                0x0000000000135288                jinit_huff_decoder
 .text          0x0000000000135300     0x10c8 /usr/local/ps2dev/ps2sdk/ports/lib/libjpeg.a(jdphuff.o)
                0x00000000001362e8                jinit_phuff_decoder
 .text          0x00000000001363c8      0x9a0 /usr/local/ps2dev/ps2sdk/ports/lib/libjpeg.a(jdmainct.o)
                0x0000000000136c08                jinit_d_main_controller
 .text          0x0000000000136d68     0x1360 /usr/local/ps2dev/ps2sdk/ports/lib/libjpeg.a(jdcoefct.o)
                0x0000000000137f20                jinit_d_coef_controller
 .text          0x00000000001380c8      0x508 /usr/local/ps2dev/ps2sdk/ports/lib/libjpeg.a(jdpostct.o)
                0x00000000001384d8                jinit_d_post_controller
 .text          0x00000000001385d0      0x448 /usr/local/ps2dev/ps2sdk/ports/lib/libjpeg.a(jddctmgr.o)
                0x0000000000138950                jinit_inverse_dct
 .text          0x0000000000138a18      0x5d0 /usr/local/ps2dev/ps2sdk/ports/lib/libjpeg.a(jidctfst.o)
                0x0000000000138a18                jpeg_idct_ifast
 .text          0x0000000000138fe8      0x5c8 /usr/local/ps2dev/ps2sdk/ports/lib/libjpeg.a(jidctflt.o)
                0x0000000000138fe8                jpeg_idct_float
 .text          0x00000000001395b0      0x8a0 /usr/local/ps2dev/ps2sdk/ports/lib/libjpeg.a(jidctint.o)
                0x00000000001395b0                jpeg_idct_islow
 .text          0x0000000000139e50      0x980 /usr/local/ps2dev/ps2sdk/ports/lib/libjpeg.a(jidctred.o)
                0x000000000013a790                jpeg_idct_1x1
                0x000000000013a410                jpeg_idct_2x2
                0x0000000000139e50                jpeg_idct_4x4
 .text          0x000000000013a7d0      0x940 /usr/local/ps2dev/ps2sdk/ports/lib/libjpeg.a(jdsample.o)
                0x000000000013ae40                jinit_upsampler
 .text          0x000000000013b110      0x768 /usr/local/ps2dev/ps2sdk/ports/lib/libjpeg.a(jdcolor.o)
                0x000000000013b650                jinit_color_deconverter
 .text          0x000000000013b878     0x1140 /usr/local/ps2dev/ps2sdk/ports/lib/libjpeg.a(jquant1.o)
                0x000000000013c8a0                jinit_1pass_quantizer
 .text          0x000000000013c9b8     0x1ae0 /usr/local/ps2dev/ps2sdk/ports/lib/libjpeg.a(jquant2.o)
                0x000000000013e2b0                jinit_2pass_quantizer
 .text          0x000000000013e498      0x820 /usr/local/ps2dev/ps2sdk/ports/lib/libjpeg.a(jdmerge.o)
                0x000000000013ebe8                jinit_merged_upsampler
 .text          0x000000000013ecb8      0x118 /usr/local/ps2dev/ps2sdk/ports/lib/libjpeg.a(jcomapi.o)
                0x000000000013ed28                jpeg_destroy
                0x000000000013eda0                jpeg_alloc_huff_table
                0x000000000013ecb8                jpeg_abort
                0x000000000013ed70                jpeg_alloc_quant_table
 .text          0x000000000013edd0      0x110 /usr/local/ps2dev/ps2sdk/ports/lib/libjpeg.a(jutils.o)
                0x000000000013edf0                jround_up
                0x000000000013edd0                jdiv_round_up
                0x000000000013ee20                jcopy_sample_rows
                0x000000000013eec0                jzero_far
                0x000000000013ee98                jcopy_block_row
 .text          0x000000000013eee0      0x290 /usr/local/ps2dev/ps2sdk/ports/lib/libjpeg.a(jerror.o)
                0x000000000013f100                jpeg_std_error
 .text          0x000000000013f170     0x15d0 /usr/local/ps2dev/ps2sdk/ports/lib/libjpeg.a(jmemmgr.o)
                0x0000000000140578                jinit_memory_mgr
 .text          0x0000000000140740       0xc8 /usr/local/ps2dev/ps2sdk/ports/lib/libjpeg.a(jmemnobs.o)
                0x0000000000140740                jpeg_get_small
                0x00000000001407f8                jpeg_mem_init
                0x00000000001407c8                jpeg_open_backing_store
                0x0000000000140800                jpeg_mem_term
                0x00000000001407c0                jpeg_mem_available
                0x0000000000140780                jpeg_get_large
                0x00000000001407a0                jpeg_free_large
                0x0000000000140760                jpeg_free_small
 .text          0x0000000000140808      0xba8 /usr/local/ps2dev/ps2sdk/ports/lib/libpng.a(png.o)
                0x00000000001412d0                png_get_header_ver
                0x00000000001409e0                png_zfree
                0x0000000000140918                png_zalloc
                0x00000000001412c0                png_get_libpng_ver
                0x0000000000140868                png_sig_cmp
                0x0000000000140808                png_set_sig_bytes
                0x0000000000141148                png_info_destroy
                0x00000000001411a8                png_get_io_ptr
                0x00000000001411d0                png_convert_to_rfc1123
                0x00000000001412f0                png_handle_as_unknown
                0x00000000001413a0                png_access_version_number
                0x0000000000140b88                png_info_init_3
                0x00000000001412b0                png_get_copyright
                0x00000000001412e0                png_get_header_version
                0x0000000000141378                png_reset_zstream
                0x0000000000140a38                png_calculate_crc
                0x00000000001413a8                png_mmx_support
                0x00000000001408f0                png_check_sig
                0x0000000000140a00                png_reset_crc
                0x0000000000140aa8                png_create_info_struct
                0x0000000000140b60                png_info_init
                0x0000000000140af8                png_destroy_info_struct
                0x0000000000140c40                png_free_data
                0x0000000000140be8                png_data_freer
                0x00000000001411c0                png_init_io
 .text          0x00000000001413b0      0xde0 /usr/local/ps2dev/ps2sdk/ports/lib/libpng.a(pngget.o)
                0x0000000000141f60                png_get_sBIT
                0x0000000000141908                png_get_cHRM_fixed
                0x0000000000141788                png_get_bKGD
                0x0000000000141b48                png_get_hIST
                0x00000000001414b0                png_get_interlace_type
                0x00000000001416d8                png_get_x_offset_pixels
                0x0000000000141b18                png_get_sPLT
                0x00000000001413d0                png_get_rowbytes
                0x0000000000141ab0                png_get_iCCP
                0x00000000001420e8                png_get_rgb_to_gray_status
                0x0000000000141490                png_get_filter_type
                0x0000000000141ff0                png_get_tIME
                0x00000000001416a0                png_get_y_offset_microns
                0x0000000000141430                png_get_image_height
                0x0000000000141dc0                png_get_pCAL
                0x0000000000141410                png_get_image_width
                0x0000000000142138                png_get_asm_flagmask
                0x00000000001414f0                png_get_x_pixels_per_meter
                0x0000000000141a70                png_get_sRGB
                0x0000000000141748                png_get_channels
                0x0000000000142160                png_get_user_width_max
                0x00000000001419c0                png_get_gAMA
                0x0000000000141710                png_get_y_offset_pixels
                0x0000000000142118                png_get_compression_buffer_size
                0x00000000001413b0                png_get_valid
                0x00000000001414d0                png_get_compression_type
                0x0000000000141668                png_get_x_offset_microns
                0x00000000001413f0                png_get_rows
                0x0000000000141d60                png_get_oFFs
                0x0000000000141450                png_get_bit_depth
                0x0000000000142178                png_get_user_height_max
                0x0000000000141470                png_get_color_type
                0x0000000000141f18                png_get_PLTE
                0x0000000000141560                png_get_pixels_per_meter
                0x0000000000141b88                png_get_IHDR
                0x0000000000141a28                png_get_gAMA_fixed
                0x0000000000142158                png_get_mmx_rowbytes_threshold
                0x0000000000141768                png_get_signature
                0x0000000000142150                png_get_mmx_bitdepth_threshold
                0x0000000000141f98                png_get_text
                0x0000000000141e68                png_get_sCAL
                0x00000000001417c0                png_get_cHRM
                0x0000000000142028                png_get_tRNS
                0x0000000000141eb0                png_get_pHYs
                0x0000000000142140                png_get_mmx_flagmask
                0x0000000000142130                png_get_asm_flags
                0x0000000000141528                png_get_y_pixels_per_meter
                0x00000000001420b8                png_get_unknown_chunks
                0x00000000001415b0                png_get_pixel_aspect_ratio
                0x0000000000142100                png_get_user_chunk_ptr
 .text          0x0000000000142190      0x940 /usr/local/ps2dev/ps2sdk/ports/lib/libpng.a(pngtrans.o)
                0x0000000000142338                png_set_add_alpha
                0x00000000001425b0                png_do_strip_filler
                0x00000000001422b0                png_set_filler
                0x0000000000142280                png_set_interlace_handling
                0x00000000001424a8                png_do_swap
                0x00000000001421e0                png_set_packing
                0x0000000000142378                png_set_swap_alpha
                0x0000000000142a98                png_set_user_transform_info
                0x0000000000142190                png_set_bgr
                0x00000000001421b0                png_set_swap
                0x0000000000142968                png_do_bgr
                0x0000000000142218                png_set_packswap
                0x00000000001423b8                png_set_invert_mono
                0x0000000000142520                png_do_packswap
                0x00000000001423d8                png_do_invert
                0x0000000000142398                png_set_invert_alpha
                0x0000000000142ab8                png_get_user_transform_ptr
                0x0000000000142248                png_set_shift
 .text          0x0000000000142ad0     0x2148 /usr/local/ps2dev/ps2sdk/ports/lib/libpng.a(pngread.o)
                0x0000000000144608                png_read_destroy
                0x0000000000144958                png_set_read_status_fn
                0x0000000000142ef0                png_read_init
                0x0000000000142ad0                png_create_read_struct
                0x0000000000143028                png_read_init_3
                0x0000000000144968                png_read_png
                0x0000000000143908                png_start_read_image
                0x0000000000142f18                png_read_init_2
                0x0000000000143250                png_read_info
                0x00000000001444f8                png_destroy_read_struct
                0x00000000001438a0                png_read_update_info
                0x0000000000143f60                png_read_image
                0x0000000000143940                png_read_row
                0x0000000000142af8                png_create_read_struct_2
                0x0000000000143e58                png_read_rows
                0x0000000000144008                png_read_end
 .text          0x0000000000144c18      0x108 /usr/local/ps2dev/ps2sdk/ports/lib/libpng.a(pngrio.o)
                0x0000000000144ca8                png_set_read_fn
                0x0000000000144c18                png_read_data
                0x0000000000144c50                png_default_read_data
 .text          0x0000000000144d20     0x7318 /usr/local/ps2dev/ps2sdk/ports/lib/libpng.a(pngrtran.o)
                0x0000000000147f10                png_do_read_filler
                0x0000000000144f38                png_set_dither
                0x0000000000145a50                png_set_gray_1_2_4_to_8
                0x0000000000145cd0                png_set_read_user_transform_fn
                0x0000000000144f18                png_set_strip_alpha
                0x0000000000145a20                png_set_expand_gray_1_2_4_to_8
                0x0000000000144ef8                png_set_strip_16
                0x000000000014b550                png_build_gamma_table
                0x0000000000147830                png_do_unshift
                0x000000000014b370                png_do_dither
                0x0000000000148640                png_do_rgb_to_gray
                0x0000000000145ac8                png_set_rgb_to_gray
                0x0000000000145aa0                png_set_gray_to_rgb
                0x0000000000148398                png_do_gray_to_rgb
                0x0000000000145ba8                png_set_rgb_to_gray_fixed
                0x00000000001470c0                png_do_read_transformations
                0x0000000000144d20                png_set_crc_action
                0x00000000001459e8                png_set_palette_to_rgb
                0x0000000000147ba8                png_do_read_swap_alpha
                0x000000000014a470                png_do_gamma
                0x00000000001459b0                png_set_expand
                0x0000000000146d68                png_read_transform_info
                0x000000000014ad88                png_do_expand
                0x0000000000145cf0                png_init_read_transformations
                0x0000000000145a78                png_set_tRNS_to_alpha
                0x0000000000147db8                png_do_read_invert_alpha
                0x0000000000148fa0                png_build_grayscale_palette
                0x000000000014bef0                png_do_read_intrapixel
                0x0000000000147ae0                png_do_chop
                0x0000000000144e50                png_set_background
                0x0000000000147618                png_do_unpack
                0x000000000014a9e8                png_do_expand_palette
                0x00000000001458b0                png_set_gamma
                0x0000000000149030                png_do_background
 .text          0x000000000014c038      0x3b8 /usr/local/ps2dev/ps2sdk/ports/lib/libpng.a(pngmem.o)
                0x000000000014c0e8                png_destroy_struct
                0x000000000014c3b8                png_set_mem_fn
                0x000000000014c278                png_free_default
                0x000000000014c058                png_create_struct_2
                0x000000000014c350                png_memset_check
                0x000000000014c148                png_malloc
                0x000000000014c038                png_create_struct
                0x000000000014c108                png_destroy_struct_2
                0x000000000014c2e8                png_memcpy_check
                0x000000000014c230                png_free
                0x000000000014c3d8                png_get_mem_ptr
                0x000000000014c2a0                png_malloc_warn
                0x000000000014c1e0                png_malloc_default
 .text          0x000000000014c3f0      0x578 /usr/local/ps2dev/ps2sdk/ports/lib/libpng.a(pngerror.o)
                0x000000000014c3f0                png_error
                0x000000000014c500                png_warning
                0x000000000014c750                png_chunk_warning
                0x000000000014c940                png_set_strip_error_numbers
                0x000000000014c928                png_get_error_ptr
                0x000000000014c710                png_chunk_error
                0x000000000014c908                png_set_error_fn
 .text          0x000000000014c968     0x4570 /usr/local/ps2dev/ps2sdk/ports/lib/libpng.a(pngrutil.o)
                0x000000000014ca50                png_read_chunk_header
                0x000000000014ddf8                png_handle_sRGB
                0x0000000000150748                png_read_finish_row
                0x000000000014d0e0                png_handle_IHDR
                0x000000000014cc18                png_crc_error
                0x000000000014ca38                png_get_uint_16
                0x000000000014fb48                png_check_chunk_name
                0x000000000014c968                png_get_uint_31
                0x00000000001504e0                png_read_filter_row
                0x0000000000150ad8                png_read_start_row
                0x000000000014ebc8                png_handle_pHYs
                0x000000000014c9d8                png_get_uint_32
                0x000000000014d4d8                png_handle_IEND
                0x000000000014ea60                png_handle_hIST
                0x000000000014d560                png_handle_gAMA
                0x000000000014f408                png_handle_tIME
                0x000000000014e650                png_handle_tRNS
                0x000000000014d2c0                png_handle_PLTE
                0x000000000014ece0                png_handle_oFFs
                0x000000000014e860                png_handle_bKGD
                0x000000000014f190                png_handle_sCAL
                0x000000000014e078                png_handle_iCCP
                0x000000000014f710                png_handle_zTXt
                0x000000000014edf8                png_handle_pCAL
                0x000000000014f958                png_handle_unknown
                0x000000000014cad0                png_crc_read
                0x000000000014d750                png_handle_sBIT
                0x000000000014fbf8                png_combine_row
                0x000000000014cb28                png_crc_finish
                0x000000000014e328                png_handle_sPLT
                0x000000000014d8e0                png_handle_cHRM
                0x000000000014ccb8                png_decompress_chunk
                0x000000000014ffa0                png_do_read_interlace
                0x000000000014ca08                png_get_int_32
                0x000000000014f538                png_handle_tEXt
 .text          0x0000000000150ed8     0x1fe8 /usr/local/ps2dev/ps2sdk/ports/lib/libpng.a(pngset.o)
                0x00000000001520a0                png_set_sBIT
                0x0000000000151358                png_set_cHRM_fixed
                0x0000000000151630                png_set_gAMA
                0x0000000000152b80                png_set_unknown_chunk_location
                0x0000000000152bf0                png_permit_mng_features
                0x0000000000152368                png_set_text
                0x0000000000151730                png_set_gAMA_fixed
                0x0000000000150ed8                png_set_bKGD
                0x0000000000151cf0                png_set_oFFs
                0x0000000000151910                png_set_IHDR
                0x0000000000152c08                png_set_keep_unknown_chunks
                0x0000000000152648                png_set_tRNS
                0x0000000000152e90                png_set_asm_flags
                0x0000000000152ea0                png_set_mmx_thresholds
                0x0000000000151d20                png_set_pCAL
                0x00000000001529d0                png_set_unknown_chunks
                0x0000000000151fa8                png_set_PLTE
                0x0000000000152e68                png_set_invalid
                0x00000000001527a8                png_set_sPLT
                0x0000000000150f18                png_set_cHRM
                0x0000000000151f48                png_set_sCAL
                0x00000000001521f8                png_set_iCCP
                0x0000000000152bc0                png_permit_empty_plte
                0x00000000001523b0                png_set_text_2
                0x0000000000152e08                png_set_compression_buffer_size
                0x0000000000152d80                png_set_read_user_chunk_fn
                0x0000000000151810                png_set_hIST
                0x0000000000152ea8                png_set_user_limits
                0x0000000000152108                png_set_sRGB_gAMA_and_cHRM
                0x0000000000151f78                png_set_pHYs
                0x00000000001520e0                png_set_sRGB
                0x0000000000152600                png_set_tIME
                0x0000000000152d98                png_set_rows
 .text          0x0000000000152ec0      0xaf8 /usr/local/ps2dev/ps2sdk/ports/lib/libz.a(crc32.o)
                0x0000000000152ed0                crc32
                0x0000000000153890                crc32_combine
                0x0000000000152ec0                get_crc_table
 .text          0x00000000001539b8     0x2238 /usr/local/ps2dev/ps2sdk/ports/lib/libz.a(inflate.o)
                0x0000000000155a00                inflateCopy
                0x0000000000153d68                inflate
                0x00000000001559c8                inflateSyncPoint
                0x00000000001557b0                inflateGetHeader
                0x0000000000153ba8                inflateInit_
                0x0000000000153a28                inflatePrime
                0x00000000001539b8                inflateReset
                0x0000000000155868                inflateSync
                0x0000000000155688                inflateSetDictionary
                0x0000000000155618                inflateEnd
                0x0000000000153a90                inflateInit2_
 .text          0x0000000000155bf0      0x5a0 /usr/local/ps2dev/ps2sdk/ports/lib/libz.a(inftrees.o)
                0x0000000000155bf0                inflate_table
 .text          0x0000000000156190       0x78 /usr/local/ps2dev/ps2sdk/ports/lib/libz.a(zutil.o)
                0x0000000000156190                zlibVersion
                0x00000000001561a0                zlibCompileFlags
                0x00000000001561e8                zcfree
                0x00000000001561a8                zError
                0x00000000001561c8                zcalloc
 .text          0x0000000000156208      0x430 /usr/local/ps2dev/ps2sdk/ports/lib/libz.a(adler32.o)
                0x0000000000156208                adler32
                0x0000000000156548                adler32_combine
 .text          0x0000000000156638      0x588 /usr/local/ps2dev/ps2sdk/ports/lib/libz.a(inffast.o)
                0x0000000000156638                inflate_fast
 .text          0x0000000000156bc0      0x5a8 /usr/local/ps2dev/ps2sdk/ee/lib/libdebug.a(screenshot.o)
                0x0000000000157158                ps2_screenshot_16to32_line
                0x0000000000156bc0                ps2_screenshot_file
                0x0000000000156e28                ps2_screenshot
                0x0000000000157160                ps2_screenshot_16to32_buffer
 .text          0x0000000000157168      0x200 /usr/local/ps2dev/ee/lib/gcc-lib/ee/3.2.2/../../../../ee/lib/libm.a(s_ceil.o)
                0x0000000000157168                ceil
 .text          0x0000000000157368      0x220 /usr/local/ps2dev/ee/lib/gcc-lib/ee/3.2.2/../../../../ee/lib/libm.a(s_floor.o)
                0x0000000000157368                floor
 .text          0x0000000000157588      0x460 /usr/local/ps2dev/ee/lib/gcc-lib/ee/3.2.2/../../../../ee/lib/libm.a(w_pow.o)
                0x0000000000157588                pow
 .text          0x00000000001579e8      0xef8 /usr/local/ps2dev/ee/lib/gcc-lib/ee/3.2.2/../../../../ee/lib/libm.a(e_pow.o)
                0x00000000001579e8                __ieee754_pow
 .text          0x00000000001588e0      0x340 /usr/local/ps2dev/ee/lib/gcc-lib/ee/3.2.2/../../../../ee/lib/libm.a(e_sqrt.o)
                0x00000000001588e0                __ieee754_sqrt
 .text          0x0000000000158c20       0x38 /usr/local/ps2dev/ee/lib/gcc-lib/ee/3.2.2/../../../../ee/lib/libm.a(s_fabs.o)
                0x0000000000158c20                fabs
 .text          0x0000000000158c58       0x20 /usr/local/ps2dev/ee/lib/gcc-lib/ee/3.2.2/../../../../ee/lib/libm.a(s_finite.o)
                0x0000000000158c58                finite
 .text          0x0000000000158c78       0x38 /usr/local/ps2dev/ee/lib/gcc-lib/ee/3.2.2/../../../../ee/lib/libm.a(s_isnan.o)
                0x0000000000158c78                isnan
 .text          0x0000000000158cb0       0x30 /usr/local/ps2dev/ee/lib/gcc-lib/ee/3.2.2/../../../../ee/lib/libm.a(s_matherr.o)
                0x0000000000158cb0                matherr
 .text          0x0000000000158ce0      0x250 /usr/local/ps2dev/ee/lib/gcc-lib/ee/3.2.2/../../../../ee/lib/libm.a(s_rint.o)
                0x0000000000158ce0                rint
 .text          0x0000000000158f30      0x1a8 /usr/local/ps2dev/ee/lib/gcc-lib/ee/3.2.2/../../../../ee/lib/libm.a(s_scalbn.o)
                0x0000000000158f30                scalbn
 .text          0x00000000001590d8       0x48 /usr/local/ps2dev/ee/lib/gcc-lib/ee/3.2.2/../../../../ee/lib/libm.a(s_copysign.o)
                0x00000000001590d8                copysign
 .text          0x0000000000159120     0x1368 /usr/local/ps2dev/ps2sdk/ee/lib/libmc.a(libmc.o)
                0x0000000000159a38                mcFlush
                0x0000000000159680                mcClose
                0x0000000000159460                mcGetInfo
                0x000000000015a470                mcReset
                0x000000000015a2d0                mcChangeThreadPriority
                0x0000000000159f48                mcFormat
                0x000000000015a008                mcUnformat
                0x00000000001592c0                mcInit
                0x0000000000159738                mcSeek
                0x000000000015a1b0                mcRename
                0x0000000000159e68                mcDelete
                0x000000000015a0c8                mcGetEntSpace
                0x000000000015a380                mcSync
                0x0000000000159800                mcRead
                0x0000000000159b20                mcChdir
                0x00000000001598f8                mcWrite
                0x0000000000159d38                mcSetFileInfo
                0x00000000001595a0                mcOpen
                0x0000000000159af0                mcMkDir
                0x0000000000159c28                mcGetDir
 .text          0x000000000015a488      0x118 /usr/local/ps2dev/ps2sdk/ports/lib/libfreetype.a(ftinit.o)
                0x000000000015a4e8                FT_Init_FreeType
                0x000000000015a568                FT_Done_FreeType
                0x000000000015a488                FT_Add_Default_Modules
 .text          0x000000000015a5a0     0x7dd8 /usr/local/ps2dev/ps2sdk/ports/lib/libfreetype.a(ftbase.o)
                0x000000000015e088                FT_Done_GlyphSlot
                0x000000000015a618                FT_QAlloc
                0x000000000015a668                FT_Realloc
                0x000000000015ba70                FT_DivFix
                0x000000000015da70                ft_validator_init
                0x000000000015abf8                FT_Stream_ReleaseFrame
                0x000000000015bb70                FT_MulTo64
                0x000000000015a9f8                FT_Stream_Close
                0x0000000000161300                ft_module_get_service
                0x000000000015adc8                FT_Stream_GetShort
                0x0000000000161bb0                FT_Raccess_Guess
                0x000000000015bcc0                FT_SqrtFixed
                0x0000000000161648                FT_Get_Sfnt_Name
                0x0000000000161600                FT_Set_Debug_Hook
                0x000000000015a940                FT_List_Finalize
                0x000000000015e1e8                FT_Load_Glyph
                0x000000000015c360                FT_Vector_Polarize
                0x000000000015fa18                FT_Done_Face
                0x0000000000160a18                FT_Lookup_Renderer
                0x000000000015aaf8                FT_Stream_ReadAt
                0x000000000015ea40                FT_New_Memory_Face
                0x0000000000160eb0                FT_Render_Glyph
                0x000000000015d5e0                FT_GlyphLoader_CheckPoints
                0x000000000015d820                FT_GlyphLoader_Prepare
                0x0000000000160058                FT_Get_Kerning
                0x0000000000160408                FT_Get_Char_Index
                0x000000000015ccd8                FT_Outline_Reverse
                0x000000000015cc90                FT_Outline_Translate
                0x000000000015ad58                FT_Stream_ExitFrame
                0x000000000015fbd0                FT_Done_Size
                0x000000000015db50                ft_validator_error
                0x000000000015b850                FT_MulDiv
                0x000000000015d778                FT_GlyphLoader_CheckSubGlyphs
                0x00000000001601d8                FT_Set_Charmap
                0x000000000015ae80                FT_Stream_GetLong
                0x000000000015aad0                FT_Stream_Read
                0x000000000015b690                FT_RoundFix
                0x000000000015a820                FT_List_Add
                0x000000000015aa38                FT_Stream_Seek
                0x000000000015fac0                FT_New_Size
                0x000000000015d3d0                FT_GlyphLoader_Rewind
                0x00000000001607f8                FT_Get_Sfnt_Table
                0x000000000015dfc8                FT_New_GlyphSlot
                0x000000000015d8f0                FT_GlyphLoader_CopyPoints
                0x000000000015b700                FT_FloorFix
                0x000000000015c478                FT_Outline_Decompose
                0x000000000015ff28                FT_Set_Pixel_Sizes
                0x0000000000160238                FT_Get_Charmap_Index
                0x000000000015c140                FT_Atan2
                0x000000000015b728                FT_Sqrt32
                0x0000000000160630                FT_Get_Glyph_Name
                0x0000000000160148                FT_Select_Charmap
                0x000000000015cde0                FT_Outline_Render
                0x000000000015cfc8                FT_Outline_Transform
                0x0000000000161980                FT_Raccess_Get_DataOffsets
                0x0000000000161480                FT_New_Library
                0x0000000000161230                FT_Get_Module
                0x000000000015ae38                FT_Stream_GetOffset
                0x00000000001613d8                FT_Remove_Module
                0x000000000015d428                FT_GlyphLoader_Reset
                0x000000000015aaa0                FT_Stream_Skip
                0x000000000015b980                FT_MulFix
                0x00000000001604e0                FT_Get_Next_Char
                0x000000000015a8a0                FT_List_Up
                0x000000000015d138                FT_Outline_Get_Orientation
                0x000000000015f930                FT_Attach_File
                0x000000000015ced0                FT_Outline_Get_Bitmap
                0x000000000015abb0                FT_Stream_ExtractFrame
                0x000000000015b408                FT_Stream_ReadFields
                0x000000000015c1d0                FT_Vector_Rotate
                0x000000000015d388                FT_GlyphLoader_New
                0x000000000015c400                FT_Vector_From_Polar
                0x000000000015af30                FT_Stream_ReadChar
                0x0000000000160898                FT_Load_Sfnt_Table
                0x000000000015c180                FT_Vector_Unit
                0x000000000015dc78                FT_Stream_Free
                0x000000000015c9e0                FT_Outline_Check
                0x000000000015e4f8                FT_Load_Char
                0x0000000000161778                FT_Raccess_Get_HeaderInfo
                0x0000000000160c98                FT_Get_Renderer
                0x000000000015cf38                FT_Vector_Transform
                0x000000000015bbd8                FT_Div64by32
                0x000000000015ac38                FT_Stream_EnterFrame
                0x000000000015fd48                FT_Set_Char_Size
                0x000000000015e100                FT_Set_Transform
                0x000000000015de28                ft_glyphslot_alloc_bitmap
                0x0000000000161628                FT_Get_Sfnt_Name_Count
                0x000000000015ca68                FT_Outline_Copy
                0x000000000015c090                FT_Cos
                0x000000000015ddf0                ft_glyphslot_set_bitmap
                0x000000000015d550                FT_GlyphLoader_CreateExtra
                0x000000000015cbe0                FT_Outline_Get_CBox
                0x0000000000160fd8                FT_Add_Module
                0x000000000015a870                FT_List_Remove
                0x000000000015c890                FT_Outline_New_Internal
                0x000000000015cbb8                FT_Outline_Done
                0x000000000015a848                FT_List_Insert
                0x0000000000160cb8                FT_Set_Renderer
                0x000000000015a7a8                FT_Free
                0x000000000015aed8                FT_Stream_GetLongLE
                0x0000000000160960                FT_Get_CMap_Language_ID
                0x000000000015c428                FT_Angle_Diff
                0x000000000015d860                FT_GlyphLoader_Add
                0x000000000015dd90                ft_glyphslot_free_bitmap
                0x000000000015f648                FT_Open_Face
                0x000000000015f968                FT_Attach_Stream
                0x000000000015d9f0                ft_service_list_lookup
                0x000000000015db68                FT_Stream_New
                0x0000000000161568                FT_Done_Library
                0x000000000015a8e0                FT_List_Iterate
                0x000000000015c0d8                FT_Sin
                0x000000000015ada0                FT_Stream_GetChar
                0x000000000015a7f0                FT_List_Find
                0x000000000015cb10                FT_Outline_Done_Internal
                0x0000000000161528                FT_Library_Version
                0x0000000000160d90                FT_Render_Glyph_Internal
                0x000000000015da88                ft_validator_run
                0x00000000001602c8                FT_CMap_New
                0x0000000000160450                FT_Get_First_Char
                0x000000000015b0a8                FT_Stream_ReadShortLE
                0x000000000015c2c0                FT_Vector_Length
                0x000000000015ea08                FT_New_Face
                0x000000000015d4a8                FT_GlyphLoader_Done
                0x0000000000160560                FT_Get_Name_Index
                0x000000000015b818                FT_Add64
                0x000000000015a730                FT_QRealloc
                0x000000000015b248                FT_Stream_ReadLong
                0x00000000001612d0                FT_Get_Module_Interface
                0x000000000015ae00                FT_Stream_GetShortLE
                0x000000000015b170                FT_Stream_ReadOffset
                0x0000000000160270                FT_CMap_Done
                0x000000000015a9d8                FT_Stream_OpenMemory
                0x000000000015c100                FT_Tan
                0x000000000015b328                FT_Stream_ReadLongLE
                0x00000000001609e8                FT_Activate_Size
                0x0000000000160740                FT_Get_Postscript_Name
                0x000000000015aac8                FT_Stream_Pos
                0x000000000015b6c8                FT_CeilFix
                0x000000000015afe0                FT_Stream_ReadShort
                0x000000000015a5a0                FT_Alloc
                0x000000000015c9b8                FT_Outline_New
 .text          0x0000000000162378     0x41b0 /usr/local/ps2dev/ps2sdk/ports/lib/libfreetype.a(autohint.o)
 .text          0x0000000000166528     0x44c8 /usr/local/ps2dev/ps2sdk/ports/lib/libfreetype.a(bdf.o)
 .text          0x000000000016a9f0     0x5d90 /usr/local/ps2dev/ps2sdk/ports/lib/libfreetype.a(cff.o)
 .text          0x0000000000170780     0x1d08 /usr/local/ps2dev/ps2sdk/ports/lib/libfreetype.a(type1cid.o)
 .text          0x0000000000172488     0x2070 /usr/local/ps2dev/ps2sdk/ports/lib/libfreetype.a(pcf.o)
 .text          0x00000000001744f8     0x3a80 /usr/local/ps2dev/ps2sdk/ports/lib/libfreetype.a(pfr.o)
 .text          0x0000000000177f78     0x3660 /usr/local/ps2dev/ps2sdk/ports/lib/libfreetype.a(psaux.o)
 .text          0x000000000017b5d8     0x3f70 /usr/local/ps2dev/ps2sdk/ports/lib/libfreetype.a(pshinter.o)
                0x000000000017f2a8                ps_hints_apply
 .text          0x000000000017f548      0x5a0 /usr/local/ps2dev/ps2sdk/ports/lib/libfreetype.a(psnames.o)
 .text          0x000000000017fae8     0x2c08 /usr/local/ps2dev/ps2sdk/ports/lib/libfreetype.a(raster.o)
 .text          0x00000000001826f0     0x69f8 /usr/local/ps2dev/ps2sdk/ports/lib/libfreetype.a(sfnt.o)
 .text          0x00000000001890e8     0x28b0 /usr/local/ps2dev/ps2sdk/ports/lib/libfreetype.a(smooth.o)
                0x000000000018b188                gray_raster_render
 .text          0x000000000018b998     0x4a18 /usr/local/ps2dev/ps2sdk/ports/lib/libfreetype.a(truetype.o)
 .text          0x00000000001903b0     0x4798 /usr/local/ps2dev/ps2sdk/ports/lib/libfreetype.a(type1.o)
 .text          0x0000000000194b48     0x20e8 /usr/local/ps2dev/ps2sdk/ports/lib/libfreetype.a(type42.o)
 .text          0x0000000000196c30      0xae0 /usr/local/ps2dev/ps2sdk/ports/lib/libfreetype.a(winfnt.o)
 .text          0x0000000000197710      0x228 /usr/local/ps2dev/ps2sdk/ports/lib/libfreetype.a(ftsystem.o)
                0x0000000000197918                FT_Done_Memory
                0x00000000001978d0                FT_New_Memory
                0x0000000000197820                FT_Stream_Open
 .text          0x0000000000197938      0xc08 /usr/local/ps2dev/ps2sdk/ports/lib/libfreetype.a(ftglyph.o)
                0x0000000000198060                FT_Get_Glyph
                0x0000000000198308                FT_Glyph_To_Bitmap
                0x0000000000197a20                FT_Matrix_Invert
                0x0000000000197938                FT_Matrix_Multiply
                0x00000000001984e8                FT_Done_Glyph
                0x0000000000198208                FT_Glyph_Get_CBox
                0x0000000000198180                FT_Glyph_Transform
                0x0000000000197f88                FT_Glyph_Copy
 .text          0x0000000000198540     0x3078 /usr/local/ps2dev/ps2sdk/ports/lib/libfreetype.a(ftgzip.o)
                0x000000000019b4e0                FT_Stream_OpenGzip
 .text          0x000000000019b5b8      0xf08 /usr/local/ps2dev/ps2sdk/ports/lib/libfreetype.a(ftlzw.o)
                0x000000000019bc58                FT_Stream_OpenLZW
 .text          0x000000000019c4c0      0x220 /usr/local/ps2dev/ps2sdk/ee/lib/libvux.a(vuhw.o)
                0x000000000019c628                Vu0InverseMatrix
                0x000000000019c510                Vu0TransMatrixXYZ
                0x000000000019c500                Vu0TransMatrix
                0x000000000019c630                Vu0ApplyMatrix
                0x000000000019c688                Vu0CopyMatrix
                0x000000000019c548                Vu0ScaleMatrix
                0x000000000019c660                Vu0ApplyRotMatrix
                0x000000000019c4c0                Vu0IdMatrix
                0x000000000019c4e0                Vu0ResetMatrix
                0x000000000019c5b0                Vu0MulMatrix
                0x000000000019c6b0                Vu0DotProduct
                0x000000000019c578                Vu0ScaleMatrixXYZ
 .text          0x000000000019c6e0      0x1b8 /usr/local/ps2dev/ps2sdk/ee/lib/libcdvd.a(cdInit.o)
                0x000000000019c6e0                cdInit
 .text          0x000000000019c898      0x1c8 /usr/local/ps2dev/ps2sdk/ee/lib/libcdvd.a(cdDiskReady.o)
                0x000000000019c898                cdDiskReady
 .text          0x000000000019ca60       0x98 /usr/local/ps2dev/ps2sdk/ee/lib/libcdvd.a(cdSemaInit.o)
                0x000000000019ca60                cdSemaInit
 .text          0x000000000019caf8       0x70 /usr/local/ps2dev/ps2sdk/ee/lib/libcdvd.a(cdSemaExit.o)
                0x000000000019caf8                cdSemaExit
 .text          0x000000000019cb68       0xc8 /usr/local/ps2dev/ps2sdk/ee/lib/libcdvd.a(cdStandby.o)
                0x000000000019cb68                cdStandby
 .text          0x000000000019cc30       0xc8 /usr/local/ps2dev/ps2sdk/ee/lib/libcdvd.a(cdStop.o)
                0x000000000019cc30                cdStop
 .text          0x000000000019ccf8       0x98 /usr/local/ps2dev/ps2sdk/ee/lib/libcdvd.a(cdNCmdDiskReady.o)
                0x000000000019ccf8                cdNCmdDiskReady
 .text          0x000000000019cd90       0xb0 /usr/local/ps2dev/ps2sdk/ee/lib/libcdvd.a(cdSync.o)
                0x000000000019cd90                cdSync
 .text          0x000000000019ce40      0x168 /usr/local/ps2dev/ps2sdk/ee/lib/libcdvd.a(cdCheckNCmd.o)
                0x000000000019ce40                cdCheckNCmd
 .text          0x000000000019cfa8      0x100 /usr/local/ps2dev/ps2sdk/ee/lib/libcdvd.a(cdReadClock.o)
                0x000000000019cfa8                cdReadClock
 .text          0x000000000019d0a8       0x98 /usr/local/ps2dev/ps2sdk/ee/lib/libcdvd.a(cdGetDiscType.o)
                0x000000000019d0a8                cdGetDiscType
 .text          0x000000000019d140       0xc0 /usr/local/ps2dev/ps2sdk/ee/lib/libcdvd.a(cdStatus.o)
                0x000000000019d140                cdStatus
 .text          0x000000000019d200      0x168 /usr/local/ps2dev/ps2sdk/ee/lib/libcdvd.a(cdCheckSCmd.o)
                0x000000000019d200                cdCheckSCmd
 .text          0x000000000019d368       0x68 /usr/local/ps2dev/ps2sdk/ee/lib/libcdvd.a(cdSyncS.o)
                0x000000000019d368                cdSyncS
 .text          0x000000000019d3d0       0x70 /usr/local/ps2dev/ps2sdk/ee/lib/libcdvd.a(cdCallback.o)
                0x000000000019d3d0                cdCallback
 .text          0x000000000019d440       0xac /usr/local/ps2dev/ps2sdk/ee/lib/libc.a(memcpy.o)
                0x000000000019d440                memcpy
 .text          0x000000000019d4ec       0xac /usr/local/ps2dev/ps2sdk/ee/lib/libc.a(memset.o)
                0x000000000019d4ec                memset
 .text          0x000000000019d598      0x12c /usr/local/ps2dev/ps2sdk/ee/lib/libc.a(strcat.o)
                0x000000000019d598                strcat
 *fill*         0x000000000019d6c4 0x8e44f7000000004 00
 .text          0x000000000019d6c8      0x1b8 /usr/local/ps2dev/ps2sdk/ee/lib/libc.a(strncmp.o)
                0x000000000019d6c8                strncmp
 .text          0x000000000019d880       0x94 /usr/local/ps2dev/ps2sdk/ee/lib/libc.a(memcmp.o)
                0x000000000019d880                memcmp
 .text          0x000000000019d914       0xfc /usr/local/ps2dev/ps2sdk/ee/lib/libc.a(memmove.o)
                0x000000000019d914                memmove
 .text          0x000000000019da10      0x110 /usr/local/ps2dev/ps2sdk/ee/lib/libc.a(strcpy.o)
                0x000000000019da10                strcpy
 .text          0x000000000019db20      0x1b8 /usr/local/ps2dev/ps2sdk/ee/lib/libc.a(strncpy.o)
                0x000000000019db20                strncpy
 .text          0x000000000019dcd8       0x30 /usr/local/ps2dev/ps2sdk/ee/lib/libc.a(terminate.o)
                0x000000000019dcd8                abort
                0x000000000019dcf8                exit
 .text          0x000000000019dd08      0x138 /usr/local/ps2dev/ps2sdk/ee/lib/libc.a(strlen.o)
                0x000000000019dd08                strlen
 .text          0x000000000019de40      0x190 /usr/local/ps2dev/ps2sdk/ee/lib/libc.a(strchr.o)
                0x000000000019de40                strchr
 .text          0x000000000019dfd0      0x144 /usr/local/ps2dev/ps2sdk/ee/lib/libc.a(strcmp.o)
                0x000000000019dfd0                strcmp
 .text          0x000000000019e114       0xd0 /usr/local/ps2dev/ps2sdk/ee/lib/libc.a(setjmp.o)
                0x000000000019e178                longjmp
                0x000000000019e114                setjmp
 *fill*         0x000000000019e1e4 0x8e44f7000000004 00
 .text          0x000000000019e1e8      0x9b8 /usr/local/ps2dev/ps2sdk/ee/lib/libc.a(qsort.o)
                0x000000000019e1e8                qsort
 .text          0x000000000019eba0       0x60 /usr/local/ps2dev/ps2sdk/ee/lib/libc.a(snprintf.o)
                0x000000000019eba0                snprintf
 .text          0x000000000019ec00       0x60 /usr/local/ps2dev/ps2sdk/ee/lib/libc.a(sprintf.o)
                0x000000000019ec00                sprintf
 .text          0x000000000019ec60       0x60 /usr/local/ps2dev/ps2sdk/ee/lib/libc.a(fprintf.o)
                0x000000000019ec60                fprintf
 .text          0x000000000019ecc0       0x48 /usr/local/ps2dev/ps2sdk/ee/lib/libc.a(printf.o)
                0x000000000019ecc0                printf
 .text          0x000000000019ed08       0x58 /usr/local/ps2dev/ps2sdk/ee/lib/libc.a(vprintf.o)
                0x000000000019ed08                vprintf
 .text          0x000000000019ed60       0x68 /usr/local/ps2dev/ps2sdk/ee/lib/libc.a(sscanf.o)
                0x000000000019ed60                sscanf
 .text          0x000000000019edc8       0x88 /usr/local/ps2dev/ps2sdk/ee/lib/libc.a(_xscanf_internals.o)
                0x000000000019ee08                _s_xgetc
                0x000000000019ede8                _f_xungetc
                0x000000000019ee28                _s_xungetc
                0x000000000019edc8                _f_xgetc
 .text          0x000000000019ee50      0x1f0 /usr/local/ps2dev/ps2sdk/ee/lib/libc.a(malloc.o)
                0x000000000019ee90                malloc
                0x000000000019ee50                _heap_mem_fit
 .text          0x000000000019f040      0x148 /usr/local/ps2dev/ps2sdk/ee/lib/libc.a(realloc.o)
                0x000000000019f040                realloc
 .text          0x000000000019f188       0x50 /usr/local/ps2dev/ps2sdk/ee/lib/libc.a(calloc.o)
                0x000000000019f188                calloc
 .text          0x000000000019f1d8      0x148 /usr/local/ps2dev/ps2sdk/ee/lib/libc.a(memalign.o)
                0x000000000019f1d8                memalign
 .text          0x000000000019f320       0xf8 /usr/local/ps2dev/ps2sdk/ee/lib/libc.a(free.o)
                0x000000000019f320                free
 .text          0x000000000019f418       0xc0 /usr/local/ps2dev/ps2sdk/ee/lib/libc.a(__alloc_internals.o)
                0x000000000019f448                _ps2sdk_alloc_deinit
                0x000000000019f418                _ps2sdk_alloc_init
                0x000000000019f478                _ps2sdk_alloc_lock
                0x000000000019f4a8                _ps2sdk_alloc_unlock
 .text          0x000000000019f4d8       0x90 /usr/local/ps2dev/ps2sdk/ee/lib/libc.a(strcasecmp.o)
                0x000000000019f4d8                strcasecmp
 .text          0x000000000019f568       0x58 /usr/local/ps2dev/ps2sdk/ee/lib/libc.a(strrchr.o)
                0x000000000019f568                strrchr
 .text          0x000000000019f5c0       0x88 /usr/local/ps2dev/ps2sdk/ee/lib/libc.a(strstr.o)
                0x000000000019f5c0                strstr
 .text          0x000000000019f648       0x30 /usr/local/ps2dev/ps2sdk/ee/lib/libc.a(tolower.o)
                0x000000000019f648                tolower
 .text          0x000000000019f678       0x18 /usr/local/ps2dev/ps2sdk/ee/lib/libc.a(isupper.o)
                0x000000000019f678                isupper
 .text          0x000000000019f690       0x18 /usr/local/ps2dev/ps2sdk/ee/lib/libc.a(isdigit.o)
                0x000000000019f690                isdigit
 .text          0x000000000019f6a8       0x50 /usr/local/ps2dev/ps2sdk/ee/lib/libc.a(isalnum.o)
                0x000000000019f6a8                isalnum
 .text          0x000000000019f6f8       0x20 /usr/local/ps2dev/ps2sdk/ee/lib/libc.a(isprint.o)
                0x000000000019f6f8                isprint
 .text          0x000000000019f718       0x48 /usr/local/ps2dev/ps2sdk/ee/lib/libc.a(isxdigit.o)
                0x000000000019f718                isxdigit
 .text          0x000000000019f760       0xa8 /usr/local/ps2dev/ps2sdk/ee/lib/libc.a(fclose.o)
                0x000000000019f760                fclose
 .text          0x000000000019f808       0x78 /usr/local/ps2dev/ps2sdk/ee/lib/libc.a(fgetc.o)
                0x000000000019f808                fgetc
 .text          0x000000000019f880      0x738 /usr/local/ps2dev/ps2sdk/ee/lib/libc.a(fopen.o)
                0x000000000019fb48                fopen
                0x000000000019f880                __ps2_normalize_path
 .text          0x000000000019ffb8       0x40 /usr/local/ps2dev/ps2sdk/ee/lib/libc.a(fputc.o)
                0x000000000019ffb8                fputc
 .text          0x000000000019fff8       0xb0 /usr/local/ps2dev/ps2sdk/ee/lib/libc.a(fread.o)
                0x000000000019fff8                fread
 .text          0x00000000001a00a8       0x78 /usr/local/ps2dev/ps2sdk/ee/lib/libc.a(fseek.o)
                0x00000000001a00a8                fseek
 .text          0x00000000001a0120       0xb8 /usr/local/ps2dev/ps2sdk/ee/lib/libc.a(ftell.o)
                0x00000000001a0120                ftell
 .text          0x00000000001a01d8      0x160 /usr/local/ps2dev/ps2sdk/ee/lib/libc.a(fwrite.o)
                0x00000000001a01d8                fwrite
 .text          0x00000000001a0338       0xa0 /usr/local/ps2dev/ps2sdk/ee/lib/libc.a(getfdtype.o)
                0x00000000001a0338                __stdio_get_fd_type
 .text          0x00000000001a03d8       0x60 /usr/local/ps2dev/ps2sdk/ee/lib/libc.a(putc.o)
                0x00000000001a03d8                putc
 .text          0x00000000001a0438       0xb0 /usr/local/ps2dev/ps2sdk/ee/lib/libc.a(puts.o)
                0x00000000001a0438                puts
 .text          0x00000000001a04e8       0x30 /usr/local/ps2dev/ps2sdk/ee/lib/libc.a(ungetc.o)
                0x00000000001a04e8                ungetc
 .text          0x00000000001a0518       0xc0 /usr/local/ps2dev/ps2sdk/ee/lib/libc.a(__stdio_internals.o)
                0x00000000001a0558                fioRename
                0x00000000001a0560                _ps2sdk_stdio_init
                0x00000000001a0518                fioRemove_Helper
                0x00000000001a05b0                _ps2sdk_stdio_deinit
 .text          0x00000000001a05d8       0x90 /usr/local/ps2dev/ps2sdk/ee/lib/libc.a(getenv.o)
                0x00000000001a05d8                getenv
 .text          0x00000000001a0668       0x68 /usr/local/ps2dev/ps2sdk/ee/lib/libc.a(rand.o)
                0x00000000001a0668                rand
 .text          0x00000000001a06d0      0x270 /usr/local/ps2dev/ps2sdk/ee/lib/libc.a(strtod.o)
                0x00000000001a06d0                strtod
 .text          0x00000000001a0940      0x238 /usr/local/ps2dev/ps2sdk/ee/lib/libc.a(strtol.o)
                0x00000000001a0940                strtol
 .text          0x00000000001a0b78       0x40 /usr/local/ps2dev/ps2sdk/ee/lib/libc.a(__assert_fail.o)
                0x00000000001a0b78                __assert_fail
 .text          0x00000000001a0bb8       0x68 /usr/local/ps2dev/ps2sdk/ee/lib/libc.a(__stdlib_internals.o)
                0x00000000001a0bc0                _ps2sdk_stdlib_deinit
                0x00000000001a0bb8                _ps2sdk_stdlib_init
 .text          0x00000000001a0c20       0xe0 /usr/local/ps2dev/ps2sdk/ee/lib/libc.a(sleep.o)
                0x00000000001a0c78                sleep
 .text          0x00000000001a0d00      0x158 /usr/local/ps2dev/ps2sdk/ee/lib/libc.a(clock.o)
                0x00000000001a0d30                _ps2sdk_time_init
                0x00000000001a0db8                _ps2sdk_time_deinit
                0x00000000001a0e40                time
                0x00000000001a0e18                clock
 .text          0x00000000001a0e58       0x70 /usr/local/ps2dev/ps2sdk/ee/lib/libc.a(init_libc.o)
                0x00000000001a0e90                _ps2sdk_libc_deinit
                0x00000000001a0e58                _ps2sdk_libc_init
 .text          0x00000000001a0ec8       0xb0 /usr/local/ps2dev/ps2sdk/ee/lib/libc.a(init_args.o)
                0x00000000001a0ec8                _ps2sdk_args_parse
 .text          0x00000000001a0f78       0x68 /usr/local/ps2dev/ps2sdk/ee/lib/libc.a(sbrk.o)
                0x00000000001a0f78                ps2_sbrk
 .text          0x00000000001a0fe0     0x1030 /usr/local/ps2dev/ps2sdk/ee/lib/libc.a(vxprintf.o)
                0x00000000001a1070                vxprintf
 .text          0x00000000001a2010       0x88 /usr/local/ps2dev/ps2sdk/ee/lib/libc.a(__sout.o)